[2019-07-04 15:19:29] Starting log file: .\test.log.
 
[2019-07-04 15:19:29] Object: mechse-jm-01
[2019-07-04 15:19:29]     Current attributes:
[2019-07-04 15:19:29]         LastLogonTimeStamp: 2017-10-20 16:44:40 (131530094806000994)
[2019-07-04 15:19:29]         LastLogonDate: 2017-10-20 16:44:40 (10/20/2017 16:44:40)
[2019-07-04 15:19:29]         LastLogon: 1600-12-31 18:00:00 (0)
[2019-07-04 15:19:29]         LastLogoff: 0 (0)
[2019-07-04 15:19:29]         Enabled: False
[2019-07-04 15:19:29]         Description: Joe Muskin tablets
[2019-07-04 15:19:29]         OU: ad.uillinois.edu/Urbana/Engineering/MobileDevices/BasicSupport/MechSE/Muskin/mechse-jm-01
[2019-07-04 15:19:29]         OUDN: CN=mechse-jm-01,OU=Muskin,OU=MechSE,OU=BasicSupport,OU=MobileDevices,OU=Engineering,OU=Urbana,DC=ad,DC=uillinois,DC=edu
[2019-07-04 15:19:30]     -Disable was omitted. Object will not be disabled.
[2019-07-04 15:19:30]     -AddNote was omitted. Object description will not be modified.
[2019-07-04 15:19:30]     -MoveTo was omitted. Object will not be moved.
 
[2019-07-04 15:19:30] Object: mechse-jm-07
[2019-07-04 15:19:30]     Current attributes:
[2019-07-04 15:19:30]         LastLogonTimeStamp: 2017-10-25 10:33:52 (131534192324378154)
[2019-07-04 15:19:30]         LastLogonDate: 2017-10-25 10:33:52 (10/25/2017 10:33:52)
[2019-07-04 15:19:30]         LastLogon: [null] ()
[2019-07-04 15:19:30]         LastLogoff: [null] ()
[2019-07-04 15:19:30]         Enabled: False
[2019-07-04 15:19:30]         Description: Joe Muskin tablets
[2019-07-04 15:19:30]         OU: ad.uillinois.edu/Urbana/Engineering/MobileDevices/BasicSupport/MechSE/Muskin/mechse-jm-07
[2019-07-04 15:19:30]         OUDN: CN=mechse-jm-07,OU=Muskin,OU=MechSE,OU=BasicSupport,OU=MobileDevices,OU=Engineering,OU=Urbana,DC=ad,DC=uillinois,DC=edu
[2019-07-04 15:19:30]     -Disable was omitted. Object will not be disabled.
[2019-07-04 15:19:30]     -AddNote was omitted. Object description will not be modified.
[2019-07-04 15:19:30]     -MoveTo was omitted. Object will not be moved.
 
[2019-07-04 15:19:30] Object: mechse-jm-23
[2019-07-04 15:19:30]     Current attributes:
[2019-07-04 15:19:30]         LastLogonTimeStamp: 2017-10-30 10:14:01 (131538500416593493)
[2019-07-04 15:19:30]         LastLogonDate: 2017-10-30 10:14:01 (10/30/2017 10:14:01)
[2019-07-04 15:19:30]         LastLogon: 1600-12-31 18:00:00 (0)
[2019-07-04 15:19:30]         LastLogoff: 0 (0)
[2019-07-04 15:19:30]         Enabled: True
[2019-07-04 15:19:30]         Description: Joe Muskin tablets
[2019-07-04 15:19:30]         OU: ad.uillinois.edu/Urbana/Engineering/MobileDevices/BasicSupport/MechSE/Muskin/mechse-jm-23
[2019-07-04 15:19:30]         OUDN: CN=mechse-jm-23,OU=Muskin,OU=MechSE,OU=BasicSupport,OU=MobileDevices,OU=Engineering,OU=Urbana,DC=ad,DC=uillinois,DC=edu
[2019-07-04 15:19:30]     -Disable was omitted. Object will not be disabled.
[2019-07-04 15:19:30]     -AddNote was omitted. Object description will not be modified.
[2019-07-04 15:19:30]     -MoveTo was omitted. Object will not be moved.
 
[2019-07-04 15:19:30] Object: mechse-jm-34
[2019-07-04 15:19:30]     Current attributes:
[2019-07-04 15:19:30]         LastLogonTimeStamp: 2017-10-30 10:17:33 (131538502533432348)
[2019-07-04 15:19:30]         LastLogonDate: 2017-10-30 10:17:33 (10/30/2017 10:17:33)
[2019-07-04 15:19:30]         LastLogon: 1600-12-31 18:00:00 (0)
[2019-07-04 15:19:30]         LastLogoff: 0 (0)
[2019-07-04 15:19:30]         Enabled: True
[2019-07-04 15:19:30]         Description: Joe Muskin tablets
[2019-07-04 15:19:30]         OU: ad.uillinois.edu/Urbana/Engineering/MobileDevices/BasicSupport/MechSE/Muskin/mechse-jm-34
[2019-07-04 15:19:30]         OUDN: CN=mechse-jm-34,OU=Muskin,OU=MechSE,OU=BasicSupport,OU=MobileDevices,OU=Engineering,OU=Urbana,DC=ad,DC=uillinois,DC=edu
[2019-07-04 15:19:30]     -Disable was omitted. Object will not be disabled.
[2019-07-04 15:19:30]     -AddNote was omitted. Object description will not be modified.
[2019-07-04 15:19:30]     -MoveTo was omitted. Object will not be moved.
 
[2019-07-04 15:19:30] Object: mechse-jm-14
[2019-07-04 15:19:30]     Current attributes:
[2019-07-04 15:19:30]         LastLogonTimeStamp: 2017-10-30 10:20:06 (131538504067984304)
[2019-07-04 15:19:30]         LastLogonDate: 2017-10-30 10:20:06 (10/30/2017 10:20:06)
[2019-07-04 15:19:30]         LastLogon: [null] ()
[2019-07-04 15:19:30]         LastLogoff: [null] ()
[2019-07-04 15:19:30]         Enabled: False
[2019-07-04 15:19:30]         Description: Joe Muskin tablets
[2019-07-04 15:19:30]         OU: ad.uillinois.edu/Urbana/Engineering/MobileDevices/BasicSupport/MechSE/Muskin/mechse-jm-14
[2019-07-04 15:19:30]         OUDN: CN=mechse-jm-14,OU=Muskin,OU=MechSE,OU=BasicSupport,OU=MobileDevices,OU=Engineering,OU=Urbana,DC=ad,DC=uillinois,DC=edu
[2019-07-04 15:19:30]     -Disable was omitted. Object will not be disabled.
[2019-07-04 15:19:30]     -AddNote was omitted. Object description will not be modified.
[2019-07-04 15:19:30]     -MoveTo was omitted. Object will not be moved.
 
[2019-07-04 15:19:30] Object: mechse-jm-30
[2019-07-04 15:19:30]     Current attributes:
[2019-07-04 15:19:30]         LastLogonTimeStamp: 2017-10-30 10:20:44 (131538504440600874)
[2019-07-04 15:19:30]         LastLogonDate: 2017-10-30 10:20:44 (10/30/2017 10:20:44)
[2019-07-04 15:19:30]         LastLogon: 1600-12-31 18:00:00 (0)
[2019-07-04 15:19:30]         LastLogoff: 0 (0)
[2019-07-04 15:19:30]         Enabled: True
[2019-07-04 15:19:30]         Description: Joe Muskin tablets
[2019-07-04 15:19:30]         OU: ad.uillinois.edu/Urbana/Engineering/MobileDevices/BasicSupport/MechSE/Muskin/mechse-jm-30
[2019-07-04 15:19:30]         OUDN: CN=mechse-jm-30,OU=Muskin,OU=MechSE,OU=BasicSupport,OU=MobileDevices,OU=Engineering,OU=Urbana,DC=ad,DC=uillinois,DC=edu
[2019-07-04 15:19:30]     -Disable was omitted. Object will not be disabled.
[2019-07-04 15:19:30]     -AddNote was omitted. Object description will not be modified.
[2019-07-04 15:19:30]     -MoveTo was omitted. Object will not be moved.
 
[2019-07-04 15:19:30] Object: mechse-jm-25
[2019-07-04 15:19:30]     Current attributes:
[2019-07-04 15:19:30]         LastLogonTimeStamp: 2017-10-30 10:21:25 (131538504858454350)
[2019-07-04 15:19:30]         LastLogonDate: 2017-10-30 10:21:25 (10/30/2017 10:21:25)
[2019-07-04 15:19:30]         LastLogon: 1600-12-31 18:00:00 (0)
[2019-07-04 15:19:30]         LastLogoff: 0 (0)
[2019-07-04 15:19:30]         Enabled: True
[2019-07-04 15:19:30]         Description: Joe Muskin tablets
[2019-07-04 15:19:30]         OU: ad.uillinois.edu/Urbana/Engineering/MobileDevices/BasicSupport/MechSE/Muskin/mechse-jm-25
[2019-07-04 15:19:30]         OUDN: CN=mechse-jm-25,OU=Muskin,OU=MechSE,OU=BasicSupport,OU=MobileDevices,OU=Engineering,OU=Urbana,DC=ad,DC=uillinois,DC=edu
[2019-07-04 15:19:30]     -Disable was omitted. Object will not be disabled.
[2019-07-04 15:19:30]     -AddNote was omitted. Object description will not be modified.
[2019-07-04 15:19:30]     -MoveTo was omitted. Object will not be moved.
 
[2019-07-04 15:19:30] Object: mechse-jm-20
[2019-07-04 15:19:30]     Current attributes:
[2019-07-04 15:19:30]         LastLogonTimeStamp: 2017-10-30 10:25:04 (131538507046682463)
[2019-07-04 15:19:30]         LastLogonDate: 2017-10-30 10:25:04 (10/30/2017 10:25:04)
[2019-07-04 15:19:30]         LastLogon: 1600-12-31 18:00:00 (0)
[2019-07-04 15:19:30]         LastLogoff: 0 (0)
[2019-07-04 15:19:30]         Enabled: True
[2019-07-04 15:19:30]         Description: Joe Muskin tablets
[2019-07-04 15:19:30]         OU: ad.uillinois.edu/Urbana/Engineering/MobileDevices/BasicSupport/MechSE/Muskin/mechse-jm-20
[2019-07-04 15:19:30]         OUDN: CN=mechse-jm-20,OU=Muskin,OU=MechSE,OU=BasicSupport,OU=MobileDevices,OU=Engineering,OU=Urbana,DC=ad,DC=uillinois,DC=edu
[2019-07-04 15:19:30]     -Disable was omitted. Object will not be disabled.
[2019-07-04 15:19:30]     -AddNote was omitted. Object description will not be modified.
[2019-07-04 15:19:30]     -MoveTo was omitted. Object will not be moved.
 
[2019-07-04 15:19:30] Object: mechse-jm-32
[2019-07-04 15:19:30]     Current attributes:
[2019-07-04 15:19:30]         LastLogonTimeStamp: 2017-10-30 10:29:33 (131538509735693734)
[2019-07-04 15:19:30]         LastLogonDate: 2017-10-30 10:29:33 (10/30/2017 10:29:33)
[2019-07-04 15:19:30]         LastLogon: 1600-12-31 18:00:00 (0)
[2019-07-04 15:19:30]         LastLogoff: 0 (0)
[2019-07-04 15:19:30]         Enabled: True
[2019-07-04 15:19:30]         Description: Joe Muskin tablets
[2019-07-04 15:19:30]         OU: ad.uillinois.edu/Urbana/Engineering/MobileDevices/BasicSupport/MechSE/Muskin/mechse-jm-32
[2019-07-04 15:19:30]         OUDN: CN=mechse-jm-32,OU=Muskin,OU=MechSE,OU=BasicSupport,OU=MobileDevices,OU=Engineering,OU=Urbana,DC=ad,DC=uillinois,DC=edu
[2019-07-04 15:19:30]     -Disable was omitted. Object will not be disabled.
[2019-07-04 15:19:30]     -AddNote was omitted. Object description will not be modified.
[2019-07-04 15:19:30]     -MoveTo was omitted. Object will not be moved.
 
[2019-07-04 15:19:30] Object: mechse-jm-31
[2019-07-04 15:19:30]     Current attributes:
[2019-07-04 15:19:30]         LastLogonTimeStamp: 2017-10-30 10:29:40 (131538509800030606)
[2019-07-04 15:19:30]         LastLogonDate: 2017-10-30 10:29:40 (10/30/2017 10:29:40)
[2019-07-04 15:19:30]         LastLogon: 1600-12-31 18:00:00 (0)
[2019-07-04 15:19:30]         LastLogoff: 0 (0)
[2019-07-04 15:19:30]         Enabled: True
[2019-07-04 15:19:30]         Description: Joe Muskin tablets
[2019-07-04 15:19:30]         OU: ad.uillinois.edu/Urbana/Engineering/MobileDevices/BasicSupport/MechSE/Muskin/mechse-jm-31
[2019-07-04 15:19:30]         OUDN: CN=mechse-jm-31,OU=Muskin,OU=MechSE,OU=BasicSupport,OU=MobileDevices,OU=Engineering,OU=Urbana,DC=ad,DC=uillinois,DC=edu
[2019-07-04 15:19:30]     -Disable was omitted. Object will not be disabled.
[2019-07-04 15:19:30]     -AddNote was omitted. Object description will not be modified.
[2019-07-04 15:19:30]     -MoveTo was omitted. Object will not be moved.
 
[2019-07-04 15:19:30] Object: mechse-jm-24
[2019-07-04 15:19:30]     Current attributes:
[2019-07-04 15:19:30]         LastLogonTimeStamp: 2017-10-30 10:30:35 (131538510354109106)
[2019-07-04 15:19:30]         LastLogonDate: 2017-10-30 10:30:35 (10/30/2017 10:30:35)
[2019-07-04 15:19:30]         LastLogon: 1600-12-31 18:00:00 (0)
[2019-07-04 15:19:30]         LastLogoff: 0 (0)
[2019-07-04 15:19:30]         Enabled: True
[2019-07-04 15:19:30]         Description: Joe Muskin tablets
[2019-07-04 15:19:30]         OU: ad.uillinois.edu/Urbana/Engineering/MobileDevices/BasicSupport/MechSE/Muskin/mechse-jm-24
[2019-07-04 15:19:30]         OUDN: CN=mechse-jm-24,OU=Muskin,OU=MechSE,OU=BasicSupport,OU=MobileDevices,OU=Engineering,OU=Urbana,DC=ad,DC=uillinois,DC=edu
[2019-07-04 15:19:30]     -Disable was omitted. Object will not be disabled.
[2019-07-04 15:19:31]     -AddNote was omitted. Object description will not be modified.
[2019-07-04 15:19:31]     -MoveTo was omitted. Object will not be moved.
 
[2019-07-04 15:19:31] Object: mechse-jm-22
[2019-07-04 15:19:31]     Current attributes:
[2019-07-04 15:19:31]         LastLogonTimeStamp: 2017-10-30 10:30:39 (131538510393175565)
[2019-07-04 15:19:31]         LastLogonDate: 2017-10-30 10:30:39 (10/30/2017 10:30:39)
[2019-07-04 15:19:31]         LastLogon: 1600-12-31 18:00:00 (0)
[2019-07-04 15:19:31]         LastLogoff: 0 (0)
[2019-07-04 15:19:31]         Enabled: True
[2019-07-04 15:19:31]         Description: Joe Muskin tablets
[2019-07-04 15:19:31]         OU: ad.uillinois.edu/Urbana/Engineering/MobileDevices/BasicSupport/MechSE/Muskin/mechse-jm-22
[2019-07-04 15:19:31]         OUDN: CN=mechse-jm-22,OU=Muskin,OU=MechSE,OU=BasicSupport,OU=MobileDevices,OU=Engineering,OU=Urbana,DC=ad,DC=uillinois,DC=edu
[2019-07-04 15:19:31]     -Disable was omitted. Object will not be disabled.
[2019-07-04 15:19:31]     -AddNote was omitted. Object description will not be modified.
[2019-07-04 15:19:31]     -MoveTo was omitted. Object will not be moved.
 
[2019-07-04 15:19:31] Object: mechse-jm-21
[2019-07-04 15:19:31]     Current attributes:
[2019-07-04 15:19:31]         LastLogonTimeStamp: 2017-10-30 10:35:16 (131538513164079712)
[2019-07-04 15:19:31]         LastLogonDate: 2017-10-30 10:35:16 (10/30/2017 10:35:16)
[2019-07-04 15:19:31]         LastLogon: 1600-12-31 18:00:00 (0)
[2019-07-04 15:19:31]         LastLogoff: 0 (0)
[2019-07-04 15:19:31]         Enabled: True
[2019-07-04 15:19:31]         Description: Joe Muskin tablets
[2019-07-04 15:19:31]         OU: ad.uillinois.edu/Urbana/Engineering/MobileDevices/BasicSupport/MechSE/Muskin/mechse-jm-21
[2019-07-04 15:19:31]         OUDN: CN=mechse-jm-21,OU=Muskin,OU=MechSE,OU=BasicSupport,OU=MobileDevices,OU=Engineering,OU=Urbana,DC=ad,DC=uillinois,DC=edu
[2019-07-04 15:19:31]     -Disable was omitted. Object will not be disabled.
[2019-07-04 15:19:31]     -AddNote was omitted. Object description will not be modified.
[2019-07-04 15:19:31]     -MoveTo was omitted. Object will not be moved.
 
[2019-07-04 15:19:31] Object: mechse-jm-19
[2019-07-04 15:19:31]     Current attributes:
[2019-07-04 15:19:31]         LastLogonTimeStamp: 2017-10-30 10:36:46 (131538514063234803)
[2019-07-04 15:19:31]         LastLogonDate: 2017-10-30 10:36:46 (10/30/2017 10:36:46)
[2019-07-04 15:19:31]         LastLogon: 1600-12-31 18:00:00 (0)
[2019-07-04 15:19:31]         LastLogoff: 0 (0)
[2019-07-04 15:19:31]         Enabled: True
[2019-07-04 15:19:31]         Description: Joe Muskin tablets
[2019-07-04 15:19:31]         OU: ad.uillinois.edu/Urbana/Engineering/MobileDevices/BasicSupport/MechSE/Muskin/mechse-jm-19
[2019-07-04 15:19:31]         OUDN: CN=mechse-jm-19,OU=Muskin,OU=MechSE,OU=BasicSupport,OU=MobileDevices,OU=Engineering,OU=Urbana,DC=ad,DC=uillinois,DC=edu
[2019-07-04 15:19:31]     -Disable was omitted. Object will not be disabled.
[2019-07-04 15:19:31]     -AddNote was omitted. Object description will not be modified.
[2019-07-04 15:19:31]     -MoveTo was omitted. Object will not be moved.
 
[2019-07-04 15:19:31] Object: mechse-jm-27
[2019-07-04 15:19:31]     Current attributes:
[2019-07-04 15:19:31]         LastLogonTimeStamp: 2017-10-30 10:39:35 (131538515755148763)
[2019-07-04 15:19:31]         LastLogonDate: 2017-10-30 10:39:35 (10/30/2017 10:39:35)
[2019-07-04 15:19:31]         LastLogon: 1600-12-31 18:00:00 (0)
[2019-07-04 15:19:31]         LastLogoff: 0 (0)
[2019-07-04 15:19:31]         Enabled: True
[2019-07-04 15:19:31]         Description: Joe Muskin tablets
[2019-07-04 15:19:31]         OU: ad.uillinois.edu/Urbana/Engineering/MobileDevices/BasicSupport/MechSE/Muskin/mechse-jm-27
[2019-07-04 15:19:31]         OUDN: CN=mechse-jm-27,OU=Muskin,OU=MechSE,OU=BasicSupport,OU=MobileDevices,OU=Engineering,OU=Urbana,DC=ad,DC=uillinois,DC=edu
[2019-07-04 15:19:31]     -Disable was omitted. Object will not be disabled.
[2019-07-04 15:19:31]     -AddNote was omitted. Object description will not be modified.
[2019-07-04 15:19:31]     -MoveTo was omitted. Object will not be moved.
 
[2019-07-04 15:19:31] Object: mechse-jm-28
[2019-07-04 15:19:31]     Current attributes:
[2019-07-04 15:19:31]         LastLogonTimeStamp: 2017-10-30 10:40:11 (131538516118308024)
[2019-07-04 15:19:31]         LastLogonDate: 2017-10-30 10:40:11 (10/30/2017 10:40:11)
[2019-07-04 15:19:31]         LastLogon: 1600-12-31 18:00:00 (0)
[2019-07-04 15:19:31]         LastLogoff: 0 (0)
[2019-07-04 15:19:31]         Enabled: True
[2019-07-04 15:19:31]         Description: Joe Muskin tablets
[2019-07-04 15:19:31]         OU: ad.uillinois.edu/Urbana/Engineering/MobileDevices/BasicSupport/MechSE/Muskin/mechse-jm-28
[2019-07-04 15:19:31]         OUDN: CN=mechse-jm-28,OU=Muskin,OU=MechSE,OU=BasicSupport,OU=MobileDevices,OU=Engineering,OU=Urbana,DC=ad,DC=uillinois,DC=edu
[2019-07-04 15:19:31]     -Disable was omitted. Object will not be disabled.
[2019-07-04 15:19:31]     -AddNote was omitted. Object description will not be modified.
[2019-07-04 15:19:31]     -MoveTo was omitted. Object will not be moved.
 
[2019-07-04 15:19:31] Object: mechse-jm-33
[2019-07-04 15:19:31]     Current attributes:
[2019-07-04 15:19:31]         LastLogonTimeStamp: 2017-10-30 10:40:39 (131538516392009690)
[2019-07-04 15:19:31]         LastLogonDate: 2017-10-30 10:40:39 (10/30/2017 10:40:39)
[2019-07-04 15:19:31]         LastLogon: 1600-12-31 18:00:00 (0)
[2019-07-04 15:19:31]         LastLogoff: 0 (0)
[2019-07-04 15:19:31]         Enabled: True
[2019-07-04 15:19:31]         Description: Joe Muskin tablets
[2019-07-04 15:19:31]         OU: ad.uillinois.edu/Urbana/Engineering/MobileDevices/BasicSupport/MechSE/Muskin/mechse-jm-33
[2019-07-04 15:19:31]         OUDN: CN=mechse-jm-33,OU=Muskin,OU=MechSE,OU=BasicSupport,OU=MobileDevices,OU=Engineering,OU=Urbana,DC=ad,DC=uillinois,DC=edu
[2019-07-04 15:19:31]     -Disable was omitted. Object will not be disabled.
[2019-07-04 15:19:31]     -AddNote was omitted. Object description will not be modified.
[2019-07-04 15:19:31]     -MoveTo was omitted. Object will not be moved.
 
[2019-07-04 15:19:31] Object: mechse-jm-26
[2019-07-04 15:19:31]     Current attributes:
[2019-07-04 15:19:31]         LastLogonTimeStamp: 2017-10-30 10:40:45 (131538516450497356)
[2019-07-04 15:19:31]         LastLogonDate: 2017-10-30 10:40:45 (10/30/2017 10:40:45)
[2019-07-04 15:19:31]         LastLogon: 1600-12-31 18:00:00 (0)
[2019-07-04 15:19:31]         LastLogoff: 0 (0)
[2019-07-04 15:19:31]         Enabled: True
[2019-07-04 15:19:31]         Description: Joe Muskin tablets
[2019-07-04 15:19:31]         OU: ad.uillinois.edu/Urbana/Engineering/MobileDevices/BasicSupport/MechSE/Muskin/mechse-jm-26
[2019-07-04 15:19:31]         OUDN: CN=mechse-jm-26,OU=Muskin,OU=MechSE,OU=BasicSupport,OU=MobileDevices,OU=Engineering,OU=Urbana,DC=ad,DC=uillinois,DC=edu
[2019-07-04 15:19:31]     -Disable was omitted. Object will not be disabled.
[2019-07-04 15:19:31]     -AddNote was omitted. Object description will not be modified.
[2019-07-04 15:19:31]     -MoveTo was omitted. Object will not be moved.
 
[2019-07-04 15:19:31] Object: mechse-jm-17
[2019-07-04 15:19:31]     Current attributes:
[2019-07-04 15:19:31]         LastLogonTimeStamp: 2017-10-30 10:54:47 (131538524877077360)
[2019-07-04 15:19:31]         LastLogonDate: 2017-10-30 10:54:47 (10/30/2017 10:54:47)
[2019-07-04 15:19:31]         LastLogon: [null] ()
[2019-07-04 15:19:31]         LastLogoff: [null] ()
[2019-07-04 15:19:31]         Enabled: False
[2019-07-04 15:19:31]         Description: Joe Muskin tablets
[2019-07-04 15:19:31]         OU: ad.uillinois.edu/Urbana/Engineering/MobileDevices/BasicSupport/MechSE/Muskin/mechse-jm-17
[2019-07-04 15:19:31]         OUDN: CN=mechse-jm-17,OU=Muskin,OU=MechSE,OU=BasicSupport,OU=MobileDevices,OU=Engineering,OU=Urbana,DC=ad,DC=uillinois,DC=edu
[2019-07-04 15:19:31]     -Disable was omitted. Object will not be disabled.
[2019-07-04 15:19:31]     -AddNote was omitted. Object description will not be modified.
[2019-07-04 15:19:31]     -MoveTo was omitted. Object will not be moved.
 
[2019-07-04 15:19:31] Object: mechse-jm-29
[2019-07-04 15:19:31]     Current attributes:
[2019-07-04 15:19:31]         LastLogonTimeStamp: 2017-10-30 11:02:57 (131538529776178517)
[2019-07-04 15:19:31]         LastLogonDate: 2017-10-30 11:02:57 (10/30/2017 11:02:57)
[2019-07-04 15:19:31]         LastLogon: 1600-12-31 18:00:00 (0)
[2019-07-04 15:19:31]         LastLogoff: 0 (0)
[2019-07-04 15:19:31]         Enabled: True
[2019-07-04 15:19:31]         Description: Joe Muskin tablets
[2019-07-04 15:19:31]         OU: ad.uillinois.edu/Urbana/Engineering/MobileDevices/BasicSupport/MechSE/Muskin/mechse-jm-29
[2019-07-04 15:19:31]         OUDN: CN=mechse-jm-29,OU=Muskin,OU=MechSE,OU=BasicSupport,OU=MobileDevices,OU=Engineering,OU=Urbana,DC=ad,DC=uillinois,DC=edu
[2019-07-04 15:19:31]     -Disable was omitted. Object will not be disabled.
[2019-07-04 15:19:31]     -AddNote was omitted. Object description will not be modified.
[2019-07-04 15:19:31]     -MoveTo was omitted. Object will not be moved.
 
[2019-07-04 15:19:31] Object: mechse-jm-18
[2019-07-04 15:19:31]     Current attributes:
[2019-07-04 15:19:31]         LastLogonTimeStamp: 2017-10-30 11:31:05 (131538546651443743)
[2019-07-04 15:19:31]         LastLogonDate: 2017-10-30 11:31:05 (10/30/2017 11:31:05)
[2019-07-04 15:19:31]         LastLogon: [null] ()
[2019-07-04 15:19:31]         LastLogoff: [null] ()
[2019-07-04 15:19:31]         Enabled: True
[2019-07-04 15:19:31]         Description: Joe Muskin tablets
[2019-07-04 15:19:31]         OU: ad.uillinois.edu/Urbana/Engineering/MobileDevices/BasicSupport/MechSE/Muskin/mechse-jm-18
[2019-07-04 15:19:31]         OUDN: CN=mechse-jm-18,OU=Muskin,OU=MechSE,OU=BasicSupport,OU=MobileDevices,OU=Engineering,OU=Urbana,DC=ad,DC=uillinois,DC=edu
[2019-07-04 15:19:31]     -Disable was omitted. Object will not be disabled.
[2019-07-04 15:19:31]     -AddNote was omitted. Object description will not be modified.
[2019-07-04 15:19:31]     -MoveTo was omitted. Object will not be moved.
 
[2019-07-04 15:19:31] Object: mechse-jm-09
[2019-07-04 15:19:31]     Current attributes:
[2019-07-04 15:19:31]         LastLogonTimeStamp: 2017-10-30 13:52:15 (131538631356441108)
[2019-07-04 15:19:31]         LastLogonDate: 2017-10-30 13:52:15 (10/30/2017 13:52:15)
[2019-07-04 15:19:31]         LastLogon: [null] ()
[2019-07-04 15:19:31]         LastLogoff: [null] ()
[2019-07-04 15:19:31]         Enabled: False
[2019-07-04 15:19:31]         Description: Joe Muskin tablets
[2019-07-04 15:19:31]         OU: ad.uillinois.edu/Urbana/Engineering/MobileDevices/BasicSupport/MechSE/Muskin/mechse-jm-09
[2019-07-04 15:19:31]         OUDN: CN=mechse-jm-09,OU=Muskin,OU=MechSE,OU=BasicSupport,OU=MobileDevices,OU=Engineering,OU=Urbana,DC=ad,DC=uillinois,DC=edu
[2019-07-04 15:19:31]     -Disable was omitted. Object will not be disabled.
[2019-07-04 15:19:31]     -AddNote was omitted. Object description will not be modified.
[2019-07-04 15:19:31]     -MoveTo was omitted. Object will not be moved.
 
[2019-07-04 15:19:31] Object: mechse-jm-06
[2019-07-04 15:19:31]     Current attributes:
[2019-07-04 15:19:31]         LastLogonTimeStamp: 2017-10-30 15:49:27 (131538701676559343)
[2019-07-04 15:19:31]         LastLogonDate: 2017-10-30 15:49:27 (10/30/2017 15:49:27)
[2019-07-04 15:19:31]         LastLogon: [null] ()
[2019-07-04 15:19:31]         LastLogoff: [null] ()
[2019-07-04 15:19:31]         Enabled: False
[2019-07-04 15:19:31]         Description: Joe Muskin tablets
[2019-07-04 15:19:31]         OU: ad.uillinois.edu/Urbana/Engineering/MobileDevices/BasicSupport/MechSE/Muskin/mechse-jm-06
[2019-07-04 15:19:32]         OUDN: CN=mechse-jm-06,OU=Muskin,OU=MechSE,OU=BasicSupport,OU=MobileDevices,OU=Engineering,OU=Urbana,DC=ad,DC=uillinois,DC=edu
[2019-07-04 15:19:32]     -Disable was omitted. Object will not be disabled.
[2019-07-04 15:19:32]     -AddNote was omitted. Object description will not be modified.
[2019-07-04 15:19:32]     -MoveTo was omitted. Object will not be moved.
 
[2019-07-04 15:19:32] Object: mechse-jm-02
[2019-07-04 15:19:32]     Current attributes:
[2019-07-04 15:19:32]         LastLogonTimeStamp: 2017-10-30 15:49:30 (131538701709883328)
[2019-07-04 15:19:32]         LastLogonDate: 2017-10-30 15:49:30 (10/30/2017 15:49:30)
[2019-07-04 15:19:32]         LastLogon: [null] ()
[2019-07-04 15:19:32]         LastLogoff: [null] ()
[2019-07-04 15:19:32]         Enabled: False
[2019-07-04 15:19:32]         Description: Joe Muskin tablets
[2019-07-04 15:19:32]         OU: ad.uillinois.edu/Urbana/Engineering/MobileDevices/BasicSupport/MechSE/Muskin/mechse-jm-02
[2019-07-04 15:19:32]         OUDN: CN=mechse-jm-02,OU=Muskin,OU=MechSE,OU=BasicSupport,OU=MobileDevices,OU=Engineering,OU=Urbana,DC=ad,DC=uillinois,DC=edu
[2019-07-04 15:19:32]     -Disable was omitted. Object will not be disabled.
[2019-07-04 15:19:32]     -AddNote was omitted. Object description will not be modified.
[2019-07-04 15:19:32]     -MoveTo was omitted. Object will not be moved.
 
[2019-07-04 15:19:32] Object: mechse-jm-08
[2019-07-04 15:19:32]     Current attributes:
[2019-07-04 15:19:32]         LastLogonTimeStamp: 2017-10-30 15:49:41 (131538701818735570)
[2019-07-04 15:19:32]         LastLogonDate: 2017-10-30 15:49:41 (10/30/2017 15:49:41)
[2019-07-04 15:19:32]         LastLogon: [null] ()
[2019-07-04 15:19:32]         LastLogoff: [null] ()
[2019-07-04 15:19:32]         Enabled: False
[2019-07-04 15:19:32]         Description: Joe Muskin tablets
[2019-07-04 15:19:32]         OU: ad.uillinois.edu/Urbana/Engineering/MobileDevices/BasicSupport/MechSE/Muskin/mechse-jm-08
[2019-07-04 15:19:32]         OUDN: CN=mechse-jm-08,OU=Muskin,OU=MechSE,OU=BasicSupport,OU=MobileDevices,OU=Engineering,OU=Urbana,DC=ad,DC=uillinois,DC=edu
[2019-07-04 15:19:32]     -Disable was omitted. Object will not be disabled.
[2019-07-04 15:19:32]     -AddNote was omitted. Object description will not be modified.
[2019-07-04 15:19:32]     -MoveTo was omitted. Object will not be moved.
 
[2019-07-04 15:19:32] Object: mechse-jm-05
[2019-07-04 15:19:32]     Current attributes:
[2019-07-04 15:19:32]         LastLogonTimeStamp: 2017-10-30 15:56:49 (131538706092633223)
[2019-07-04 15:19:32]         LastLogonDate: 2017-10-30 15:56:49 (10/30/2017 15:56:49)
[2019-07-04 15:19:32]         LastLogon: [null] ()
[2019-07-04 15:19:32]         LastLogoff: [null] ()
[2019-07-04 15:19:32]         Enabled: False
[2019-07-04 15:19:32]         Description: Joe Muskin tablets
[2019-07-04 15:19:32]         OU: ad.uillinois.edu/Urbana/Engineering/MobileDevices/BasicSupport/MechSE/Muskin/mechse-jm-05
[2019-07-04 15:19:32]         OUDN: CN=mechse-jm-05,OU=Muskin,OU=MechSE,OU=BasicSupport,OU=MobileDevices,OU=Engineering,OU=Urbana,DC=ad,DC=uillinois,DC=edu
[2019-07-04 15:19:32]     -Disable was omitted. Object will not be disabled.
[2019-07-04 15:19:32]     -AddNote was omitted. Object description will not be modified.
[2019-07-04 15:19:32]     -MoveTo was omitted. Object will not be moved.
 
[2019-07-04 15:19:32] Object: mechse-jm-04
[2019-07-04 15:19:32]     Current attributes:
[2019-07-04 15:19:32]         LastLogonTimeStamp: 2017-10-30 16:05:06 (131538711065775077)
[2019-07-04 15:19:32]         LastLogonDate: 2017-10-30 16:05:06 (10/30/2017 16:05:06)
[2019-07-04 15:19:32]         LastLogon: [null] ()
[2019-07-04 15:19:32]         LastLogoff: [null] ()
[2019-07-04 15:19:32]         Enabled: False
[2019-07-04 15:19:32]         Description: Joe Muskin tablets
[2019-07-04 15:19:32]         OU: ad.uillinois.edu/Urbana/Engineering/MobileDevices/BasicSupport/MechSE/Muskin/mechse-jm-04
[2019-07-04 15:19:32]         OUDN: CN=mechse-jm-04,OU=Muskin,OU=MechSE,OU=BasicSupport,OU=MobileDevices,OU=Engineering,OU=Urbana,DC=ad,DC=uillinois,DC=edu
[2019-07-04 15:19:32]     -Disable was omitted. Object will not be disabled.
[2019-07-04 15:19:32]     -AddNote was omitted. Object description will not be modified.
[2019-07-04 15:19:32]     -MoveTo was omitted. Object will not be moved.
 
[2019-07-04 15:19:32] Object: mechse-jm-10
[2019-07-04 15:19:32]     Current attributes:
[2019-07-04 15:19:32]         LastLogonTimeStamp: 2017-10-31 09:35:00 (131539341008437471)
[2019-07-04 15:19:32]         LastLogonDate: 2017-10-31 09:35:00 (10/31/2017 09:35:00)
[2019-07-04 15:19:32]         LastLogon: [null] ()
[2019-07-04 15:19:32]         LastLogoff: [null] ()
[2019-07-04 15:19:32]         Enabled: False
[2019-07-04 15:19:32]         Description: Joe Muskin tablets
[2019-07-04 15:19:32]         OU: ad.uillinois.edu/Urbana/Engineering/MobileDevices/BasicSupport/MechSE/Muskin/mechse-jm-10
[2019-07-04 15:19:32]         OUDN: CN=mechse-jm-10,OU=Muskin,OU=MechSE,OU=BasicSupport,OU=MobileDevices,OU=Engineering,OU=Urbana,DC=ad,DC=uillinois,DC=edu
[2019-07-04 15:19:32]     -Disable was omitted. Object will not be disabled.
[2019-07-04 15:19:32]     -AddNote was omitted. Object description will not be modified.
[2019-07-04 15:19:32]     -MoveTo was omitted. Object will not be moved.
 
[2019-07-04 15:19:32] Object: mechse-jm-16
[2019-07-04 15:19:32]     Current attributes:
[2019-07-04 15:19:32]         LastLogonTimeStamp: 2017-10-31 09:44:16 (131539346566697652)
[2019-07-04 15:19:32]         LastLogonDate: 2017-10-31 09:44:16 (10/31/2017 09:44:16)
[2019-07-04 15:19:32]         LastLogon: [null] ()
[2019-07-04 15:19:32]         LastLogoff: [null] ()
[2019-07-04 15:19:32]         Enabled: False
[2019-07-04 15:19:32]         Description: Joe Muskin tablets
[2019-07-04 15:19:32]         OU: ad.uillinois.edu/Urbana/Engineering/MobileDevices/BasicSupport/MechSE/Muskin/mechse-jm-16
[2019-07-04 15:19:32]         OUDN: CN=mechse-jm-16,OU=Muskin,OU=MechSE,OU=BasicSupport,OU=MobileDevices,OU=Engineering,OU=Urbana,DC=ad,DC=uillinois,DC=edu
[2019-07-04 15:19:32]     -Disable was omitted. Object will not be disabled.
[2019-07-04 15:19:32]     -AddNote was omitted. Object description will not be modified.
[2019-07-04 15:19:32]     -MoveTo was omitted. Object will not be moved.
 
[2019-07-04 15:19:32] Object: mechse-jm-15
[2019-07-04 15:19:32]     Current attributes:
[2019-07-04 15:19:32]         LastLogonTimeStamp: 2017-10-31 13:55:08 (131539497083606260)
[2019-07-04 15:19:32]         LastLogonDate: 2017-10-31 13:55:08 (10/31/2017 13:55:08)
[2019-07-04 15:19:32]         LastLogon: [null] ()
[2019-07-04 15:19:32]         LastLogoff: [null] ()
[2019-07-04 15:19:32]         Enabled: False
[2019-07-04 15:19:32]         Description: Joe Muskin tablets
[2019-07-04 15:19:32]         OU: ad.uillinois.edu/Urbana/Engineering/MobileDevices/BasicSupport/MechSE/Muskin/mechse-jm-15
[2019-07-04 15:19:32]         OUDN: CN=mechse-jm-15,OU=Muskin,OU=MechSE,OU=BasicSupport,OU=MobileDevices,OU=Engineering,OU=Urbana,DC=ad,DC=uillinois,DC=edu
[2019-07-04 15:19:32]     -Disable was omitted. Object will not be disabled.
[2019-07-04 15:19:32]     -AddNote was omitted. Object description will not be modified.
[2019-07-04 15:19:32]     -MoveTo was omitted. Object will not be moved.
 
[2019-07-04 15:19:32] Object: mechse-jm-12
[2019-07-04 15:19:32]     Current attributes:
[2019-07-04 15:19:32]         LastLogonTimeStamp: 2017-10-31 13:56:01 (131539497610831993)
[2019-07-04 15:19:32]         LastLogonDate: 2017-10-31 13:56:01 (10/31/2017 13:56:01)
[2019-07-04 15:19:32]         LastLogon: [null] ()
[2019-07-04 15:19:32]         LastLogoff: [null] ()
[2019-07-04 15:19:32]         Enabled: False
[2019-07-04 15:19:32]         Description: Joe Muskin tablets
[2019-07-04 15:19:32]         OU: ad.uillinois.edu/Urbana/Engineering/MobileDevices/BasicSupport/MechSE/Muskin/mechse-jm-12
[2019-07-04 15:19:32]         OUDN: CN=mechse-jm-12,OU=Muskin,OU=MechSE,OU=BasicSupport,OU=MobileDevices,OU=Engineering,OU=Urbana,DC=ad,DC=uillinois,DC=edu
[2019-07-04 15:19:32]     -Disable was omitted. Object will not be disabled.
[2019-07-04 15:19:32]     -AddNote was omitted. Object description will not be modified.
[2019-07-04 15:19:32]     -MoveTo was omitted. Object will not be moved.
 
[2019-07-04 15:19:32] Object: mechse-jm-13
[2019-07-04 15:19:32]     Current attributes:
[2019-07-04 15:19:32]         LastLogonTimeStamp: 2017-11-02 13:46:24 (131541219843683157)
[2019-07-04 15:19:32]         LastLogonDate: 2017-11-02 13:46:24 (11/02/2017 13:46:24)
[2019-07-04 15:19:32]         LastLogon: [null] ()
[2019-07-04 15:19:32]         LastLogoff: [null] ()
[2019-07-04 15:19:32]         Enabled: False
[2019-07-04 15:19:32]         Description: Joe Muskin tablets
[2019-07-04 15:19:32]         OU: ad.uillinois.edu/Urbana/Engineering/MobileDevices/BasicSupport/MechSE/Muskin/mechse-jm-13
[2019-07-04 15:19:32]         OUDN: CN=mechse-jm-13,OU=Muskin,OU=MechSE,OU=BasicSupport,OU=MobileDevices,OU=Engineering,OU=Urbana,DC=ad,DC=uillinois,DC=edu
[2019-07-04 15:19:32]     -Disable was omitted. Object will not be disabled.
[2019-07-04 15:19:32]     -AddNote was omitted. Object description will not be modified.
[2019-07-04 15:19:32]     -MoveTo was omitted. Object will not be moved.
 
[2019-07-04 15:19:32] Object: mechse-jm-11
[2019-07-04 15:19:32]     Current attributes:
[2019-07-04 15:19:32]         LastLogonTimeStamp: 2017-11-02 13:51:14 (131541222744143237)
[2019-07-04 15:19:32]         LastLogonDate: 2017-11-02 13:51:14 (11/02/2017 13:51:14)
[2019-07-04 15:19:32]         LastLogon: [null] ()
[2019-07-04 15:19:32]         LastLogoff: [null] ()
[2019-07-04 15:19:32]         Enabled: False
[2019-07-04 15:19:32]         Description: Joe Muskin tablets
[2019-07-04 15:19:32]         OU: ad.uillinois.edu/Urbana/Engineering/MobileDevices/BasicSupport/MechSE/Muskin/mechse-jm-11
[2019-07-04 15:19:32]         OUDN: CN=mechse-jm-11,OU=Muskin,OU=MechSE,OU=BasicSupport,OU=MobileDevices,OU=Engineering,OU=Urbana,DC=ad,DC=uillinois,DC=edu
[2019-07-04 15:19:32]     -Disable was omitted. Object will not be disabled.
[2019-07-04 15:19:32]     -AddNote was omitted. Object description will not be modified.
[2019-07-04 15:19:32]     -MoveTo was omitted. Object will not be moved.
 
[2019-07-04 15:19:32] 33 objects in OU: "OU=Muskin,OU=MechSE,OU=BasicSupport,OU=MobileDevices,OU=Engineering,OU=Urbana,DC=ad,DC=uillinois,DC=edu"
